// Jest Snapshot v1, https://goo.gl/fbAQLP

exports[`matches snapshot 1`] = `
<DocumentFragment>
  <div
    class="nav"
  >
    <a
      class="nav-logo"
      href="/movies"
    >
      <img
        alt="Netflix Logo"
        class="nav-logo"
        src="https://upload.wikimedia.org/wikipedia/commons/0/08/Netflix_2015_logo.svg"
      />
    </a>
    <a
      href="/search"
      style="text-decoration: none;"
    >
      <h3
        class="nav-text"
      >
        Search
      </h3>
    </a>
    <a
      href="/mylist"
      style="text-decoration: none;"
    >
      <h3
        class="nav-text"
      >
        My List
      </h3>
    </a>
    <a
      href="/profile"
      style="text-decoration: none;"
    >
      <h3
        class="nav-text"
      >
        Profile
      </h3>
    </a>
    <a
      class="nav-text-signout"
      href="/signin"
      style="text-decoration: none;"
    >
      <h3>
        Sign Out
      </h3>
    </a>
  </div>
</DocumentFragment>
`;

exports[`matches snapshot when logged out 1`] = `<DocumentFragment />`;
